D#<N=FSBCA><P=18><C=ANSI>
D#<N=OCRB LT><P=10><C=ANSI><OUTLINE>
D#<N=Univers 45 Light><P=5><C=ANSI><OUTLINE>
D#<N=Univers 45 Light><P=7><C=ANSI><OUTLINE>
D#<N=Univers 45 Light><P=8><C=ANSI><OUTLINE>
D#<N=Univers 45 Light><P=9><C=ANSI><OUTLINE>
D#<N=Univers 45 Light><P=10><C=ANSI><OUTLINE>
D#<N=Univers 45 Light><P=11><C=ANSI><OUTLINE>
D#<N=Univers LT 55><P=8><C=ANSI><OUTLINE>
D#<N=Univers LT 55><P=8.5><C=ANSI><OUTLINE>
D#<N=Univers LT 55><P=9><C=ANSI><OUTLINE>
D#<N=Univers LT 55><P=10><C=ANSI><OUTLINE>
D#<N=Univers LT 55><P=11><C=ANSI><OUTLINE>
D#<N=Univers LT 55><P=12><C=ANSI><OUTLINE>
D#<N=Univers 65><S=BOLD><P=9><C=ANSI><OUTLINE>
D#<N=Univers 65><S=BOLD><P=10><C=ANSI><OUTLINE>
D#<N=Univers 65><S=BOLD><P=11><C=ANSI><OUTLINE>
D#<N=Univers 65><S=BOLD><P=12><C=ANSI><OUTLINE>
D#<N=Univers 65><S=BOLD><P=14><C=ANSI><OUTLINE>
D#<N=Univers 65><S=BOLD><P=20><C=ANSI><OUTLINE>
D#<N=Univers><S=BOLD ITALIC><P=11><C=ANSI><OUTLINE>
D#<N=Univers><S=BOLD ITALIC><P=12><C=ANSI><OUTLINE>
D#<N=Univers LT 45 Light><P=10><C=ANSI><OUTLINE>
